Copyright 1986-2022 Xilinx, Inc. All Rights Reserved.
-----------------------------------------------------------------------------------------------
| Tool Version : Vivado v.2022.2 (win64) Build 3671981 Fri Oct 14 05:00:03 MDT 2022
| Date         : Mon Mar  6 22:58:36 2023
| Host         : Tony-VPI4CJD running 64-bit major release  (build 9200)
| Command      : report_clock_utilization -file mb_preset_wrapper_clock_utilization_routed.rpt
| Design       : mb_preset_wrapper
| Device       : 7vx485t-ffg1761
| Speed File   : -2  PRODUCTION 1.12 2014-09-11
| Design State : Routed
-----------------------------------------------------------------------------------------------

Clock Utilization Report

Table of Contents
-----------------
1. Clock Primitive Utilization
2. Global Clock Resources
3. Global Clock Source Details
4. Clock Regions: Key Resource Utilization
5. Clock Regions : Global Clock Summary
6. Device Cell Placement Summary for Global Clock g0
7. Device Cell Placement Summary for Global Clock g1
8. Device Cell Placement Summary for Global Clock g2
9. Device Cell Placement Summary for Global Clock g3
10. Device Cell Placement Summary for Global Clock g4
11. Device Cell Placement Summary for Global Clock g5
12. Device Cell Placement Summary for Global Clock g6
13. Device Cell Placement Summary for Global Clock g7
14. Device Cell Placement Summary for Global Clock g8
15. Device Cell Placement Summary for Global Clock g9
16. Clock Region Cell Placement per Global Clock: Region X0Y0
17. Clock Region Cell Placement per Global Clock: Region X1Y0
18. Clock Region Cell Placement per Global Clock: Region X0Y1
19. Clock Region Cell Placement per Global Clock: Region X1Y1
20. Clock Region Cell Placement per Global Clock: Region X0Y2
21. Clock Region Cell Placement per Global Clock: Region X1Y2
22. Clock Region Cell Placement per Global Clock: Region X0Y3
23. Clock Region Cell Placement per Global Clock: Region X1Y5

1. Clock Primitive Utilization
------------------------------

+----------+------+-----------+-----+--------------+--------+
| Type     | Used | Available | LOC | Clock Region | Pblock |
+----------+------+-----------+-----+--------------+--------+
| BUFGCTRL |   10 |        32 |   0 |            0 |      0 |
| BUFH     |    0 |       168 |   0 |            0 |      0 |
| BUFIO    |    0 |        56 |   0 |            0 |      0 |
| BUFMR    |    0 |        28 |   0 |            0 |      0 |
| BUFR     |    0 |        56 |   0 |            0 |      0 |
| MMCM     |    2 |        14 |   0 |            0 |      0 |
| PLL      |    0 |        14 |   0 |            0 |      0 |
+----------+------+-----------+-----+--------------+--------+


2. Global Clock Resources
-------------------------

+-----------+-----------+-----------------+------------+----------------+--------------+-------------------+-------------+-----------------+--------------+-------------------------------------------------------------+--------------------------------------------------------------------------------------------------------------------------------------------------------------------------------------------------------------------------------------------+--------------------------------------------------------------------------------------------------------------------------------------------------------------------------------------------------------------------------------------------+
| Global Id | Source Id | Driver Type/Pin | Constraint | Site           | Clock Region | Load Clock Region | Clock Loads | Non-Clock Loads | Clock Period | Clock                                                       | Driver Pin                                                                                                                                                                                                                                 | Net                                                                                                                                                                                                                                        |
+-----------+-----------+-----------------+------------+----------------+--------------+-------------------+-------------+-----------------+--------------+-------------------------------------------------------------+--------------------------------------------------------------------------------------------------------------------------------------------------------------------------------------------------------------------------------------------+--------------------------------------------------------------------------------------------------------------------------------------------------------------------------------------------------------------------------------------------+
| g0        | src0      | BUFG/O          | None       | BUFGCTRL_X0Y0  | n/a          |                 3 |       14375 |               0 |        8.000 | userclk2                                                    | mb_preset_i/axi_pcie_0/inst/comp_axi_enhanced_pcie/comp_enhanced_core_top_wrap/axi_pcie_enhanced_core_top_i/pcie_7x_v2_0_2_inst/pcie_top_with_gt_top.gt_ges.gt_top_i/pipe_wrapper_i/pipe_clock_int.pipe_clock_i/userclk2_i1.usrclk2_i1/O   | mb_preset_i/axi_pcie_0/inst/comp_axi_enhanced_pcie/comp_enhanced_core_top_wrap/axi_pcie_enhanced_core_top_i/pcie_7x_v2_0_2_inst/pcie_top_with_gt_top.gt_ges.gt_top_i/pipe_wrapper_i/pipe_clock_int.pipe_clock_i/INT_USERCLK2_OUT           |
| g1        | src1      | BUFG/O          | None       | BUFGCTRL_X0Y16 | n/a          |                 5 |        4740 |               0 |       10.000 | clk_out1_mb_preset_clk_wiz_1_0                              | mb_preset_i/clk_wiz_1/inst/clkout1_buf/O                                                                                                                                                                                                   | mb_preset_i/clk_wiz_1/inst/clk_out1                                                                                                                                                                                                        |
| g2        | src2      | BUFGCTRL/O      | None       | BUFGCTRL_X0Y1  | n/a          |                 2 |        1455 |               0 |        4.000 | clk_125mhz                                                  | mb_preset_i/axi_pcie_0/inst/comp_axi_enhanced_pcie/comp_enhanced_core_top_wrap/axi_pcie_enhanced_core_top_i/pcie_7x_v2_0_2_inst/pcie_top_with_gt_top.gt_ges.gt_top_i/pipe_wrapper_i/pipe_clock_int.pipe_clock_i/pclk_i1_bufgctrl.pclk_i1/O | mb_preset_i/axi_pcie_0/inst/comp_axi_enhanced_pcie/comp_enhanced_core_top_wrap/axi_pcie_enhanced_core_top_i/pcie_7x_v2_0_2_inst/pcie_top_with_gt_top.gt_ges.gt_top_i/pipe_wrapper_i/pipe_clock_int.pipe_clock_i/pclk_i1_bufgctrl.pclk_i1_0 |
| g2        | src3      | BUFGCTRL/O      | None       | BUFGCTRL_X0Y1  | n/a          |                 2 |        1455 |               0 |        4.000 | clk_250mhz                                                  | mb_preset_i/axi_pcie_0/inst/comp_axi_enhanced_pcie/comp_enhanced_core_top_wrap/axi_pcie_enhanced_core_top_i/pcie_7x_v2_0_2_inst/pcie_top_with_gt_top.gt_ges.gt_top_i/pipe_wrapper_i/pipe_clock_int.pipe_clock_i/pclk_i1_bufgctrl.pclk_i1/O | mb_preset_i/axi_pcie_0/inst/comp_axi_enhanced_pcie/comp_enhanced_core_top_wrap/axi_pcie_enhanced_core_top_i/pcie_7x_v2_0_2_inst/pcie_top_with_gt_top.gt_ges.gt_top_i/pipe_wrapper_i/pipe_clock_int.pipe_clock_i/pclk_i1_bufgctrl.pclk_i1_0 |
| g3        | src2      | BUFG/O          | None       | BUFGCTRL_X0Y2  | n/a          |                 2 |         397 |               0 |        8.000 | clk_125mhz                                                  | mb_preset_i/axi_pcie_0/inst/comp_axi_enhanced_pcie/comp_enhanced_core_top_wrap/axi_pcie_enhanced_core_top_i/pcie_7x_v2_0_2_inst/pcie_top_with_gt_top.gt_ges.gt_top_i/pipe_wrapper_i/pipe_clock_int.pipe_clock_i/dclk_i_bufg.dclk_i/O       | mb_preset_i/axi_pcie_0/inst/comp_axi_enhanced_pcie/comp_enhanced_core_top_wrap/axi_pcie_enhanced_core_top_i/pcie_7x_v2_0_2_inst/pcie_top_with_gt_top.gt_ges.gt_top_i/pipe_wrapper_i/pipe_clock_int.pipe_clock_i/CLK                        |
| g4        | src4      | BUFGCTRL/O      | None       | BUFGCTRL_X0Y4  | n/a          |                 1 |         233 |               0 |       33.333 | mb_preset_i/mdm_1/U0/Use_E2.BSCAN_I/Use_E2.BSCANE2_I/DRCK   | mb_preset_i/mdm_1/U0/No_Dbg_Reg_Access.BUFG_DRCK/Using_FPGA.Native/O                                                                                                                                                                       | mb_preset_i/mdm_1/U0/No_Dbg_Reg_Access.BUFG_DRCK/Dbg_Clk_0                                                                                                                                                                                 |
| g4        | src5      | BUFGCTRL/O      | None       | BUFGCTRL_X0Y4  | n/a          |                 1 |         233 |               0 |       33.333 | mb_preset_i/mdm_1/U0/Use_E2.BSCAN_I/Use_E2.BSCANE2_I/DRCK   | mb_preset_i/mdm_1/U0/No_Dbg_Reg_Access.BUFG_DRCK/Using_FPGA.Native/O                                                                                                                                                                       | mb_preset_i/mdm_1/U0/No_Dbg_Reg_Access.BUFG_DRCK/Dbg_Clk_0                                                                                                                                                                                 |
| g5        | src6      | BUFG/O          | None       | BUFGCTRL_X0Y5  | n/a          |                 1 |          39 |               1 |       33.333 | mb_preset_i/mdm_1/U0/Use_E2.BSCAN_I/Use_E2.BSCANE2_I/UPDATE | mb_preset_i/mdm_1/U0/Use_E2.BSCAN_I/Dbg_Update_0_BUFG_inst/O                                                                                                                                                                               | mb_preset_i/mdm_1/U0/Use_E2.BSCAN_I/Dbg_Update_0_BUFG                                                                                                                                                                                      |
| g6        | src7      | BUFG/O          | None       | BUFGCTRL_X0Y6  | n/a          |                 1 |          36 |               0 |              |                                                             | mb_preset_i/axi_pcie_0/inst/comp_axi_enhanced_pcie/comp_enhanced_core_top_wrap/axi_pcie_enhanced_core_top_i/pcie_7x_v2_0_2_inst/pcie_top_with_gt_top.gt_ges.gt_top_i/pipe_wrapper_i/cpllpd_refclk_inst/O                                   | mb_preset_i/axi_pcie_0/inst/comp_axi_enhanced_pcie/comp_enhanced_core_top_wrap/axi_pcie_enhanced_core_top_i/pcie_7x_v2_0_2_inst/pcie_top_with_gt_top.gt_ges.gt_top_i/pipe_wrapper_i/gt_cpllpdrefclk                                        |
| g7        | src8      | BUFG/O          | None       | BUFGCTRL_X0Y3  | n/a          |                 1 |           5 |               0 |        4.000 | userclk1                                                    | mb_preset_i/axi_pcie_0/inst/comp_axi_enhanced_pcie/comp_enhanced_core_top_wrap/axi_pcie_enhanced_core_top_i/pcie_7x_v2_0_2_inst/pcie_top_with_gt_top.gt_ges.gt_top_i/pipe_wrapper_i/pipe_clock_int.pipe_clock_i/userclk1_i1.usrclk1_i1/O   | mb_preset_i/axi_pcie_0/inst/comp_axi_enhanced_pcie/comp_enhanced_core_top_wrap/axi_pcie_enhanced_core_top_i/pcie_7x_v2_0_2_inst/pcie_top_with_gt_top.gt_ges.gt_top_i/pipe_wrapper_i/pipe_clock_int.pipe_clock_i/INT_USERCLK1_OUT           |
| g8        | src9      | BUFG/O          | None       | BUFGCTRL_X0Y7  | n/a          |                 1 |           1 |               0 |       10.000 | txoutclk                                                    | mb_preset_i/axi_pcie_0/inst/comp_axi_enhanced_pcie/comp_enhanced_core_top_wrap/axi_pcie_enhanced_core_top_i/pcie_7x_v2_0_2_inst/pcie_top_with_gt_top.gt_ges.gt_top_i/pipe_wrapper_i/pipe_clock_int.pipe_clock_i/txoutclk_i.txoutclk_i/O    | mb_preset_i/axi_pcie_0/inst/comp_axi_enhanced_pcie/comp_enhanced_core_top_wrap/axi_pcie_enhanced_core_top_i/pcie_7x_v2_0_2_inst/pcie_top_with_gt_top.gt_ges.gt_top_i/pipe_wrapper_i/pipe_clock_int.pipe_clock_i/refclk                     |
| g9        | src10     | BUFG/O          | None       | BUFGCTRL_X0Y17 | n/a          |                 1 |           1 |               0 |        5.000 | clkfbout_mb_preset_clk_wiz_1_0                              | mb_preset_i/clk_wiz_1/inst/clkf_buf/O                                                                                                                                                                                                      | mb_preset_i/clk_wiz_1/inst/clkfbout_buf_mb_preset_clk_wiz_1_0                                                                                                                                                                              |
+-----------+-----------+-----------------+------------+----------------+--------------+-------------------+-------------+-----------------+--------------+-------------------------------------------------------------+--------------------------------------------------------------------------------------------------------------------------------------------------------------------------------------------------------------------------------------------+--------------------------------------------------------------------------------------------------------------------------------------------------------------------------------------------------------------------------------------------+
* Clock Loads column represents cell count of net connects that connect to a clock pin. Internal cell leaf pins are not considered
** Non-Clock Loads column represents cell count of non-clock pin loads


3. Global Clock Source Details
------------------------------

+-----------+-----------+------------------------+---------------------+---------------------+--------------+-------------+-----------------+---------------------+-------------------------------------------------------------+----------------------------------------------------------------------------------------------------------------------------------------------------------------------------------------------------------------------------------------------------+---------------------------------------------------------------------------------------------------------------------------------------------------------------------------------------------------------------------------------------------+
| Source Id | Global Id | Driver Type/Pin        | Constraint          | Site                | Clock Region | Clock Loads | Non-Clock Loads | Source Clock Period | Source Clock                                                | Driver Pin                                                                                                                                                                                                                                         | Net                                                                                                                                                                                                                                         |
+-----------+-----------+------------------------+---------------------+---------------------+--------------+-------------+-----------------+---------------------+-------------------------------------------------------------+----------------------------------------------------------------------------------------------------------------------------------------------------------------------------------------------------------------------------------------------------+---------------------------------------------------------------------------------------------------------------------------------------------------------------------------------------------------------------------------------------------+
| src0      | g0        | MMCME2_ADV/CLKOUT3     | None                | MMCME2_ADV_X0Y3     | X0Y3         |           1 |               0 |               8.000 | userclk2                                                    | mb_preset_i/axi_pcie_0/inst/comp_axi_enhanced_pcie/comp_enhanced_core_top_wrap/axi_pcie_enhanced_core_top_i/pcie_7x_v2_0_2_inst/pcie_top_with_gt_top.gt_ges.gt_top_i/pipe_wrapper_i/pipe_clock_int.pipe_clock_i/mmcm_i/CLKOUT3                     | mb_preset_i/axi_pcie_0/inst/comp_axi_enhanced_pcie/comp_enhanced_core_top_wrap/axi_pcie_enhanced_core_top_i/pcie_7x_v2_0_2_inst/pcie_top_with_gt_top.gt_ges.gt_top_i/pipe_wrapper_i/pipe_clock_int.pipe_clock_i/userclk2                    |
| src1      | g1        | MMCME2_ADV/CLKOUT0     | None                | MMCME2_ADV_X1Y5     | X1Y5         |           1 |               0 |              10.000 | clk_out1_mb_preset_clk_wiz_1_0                              | mb_preset_i/clk_wiz_1/inst/mmcm_adv_inst/CLKOUT0                                                                                                                                                                                                   | mb_preset_i/clk_wiz_1/inst/clk_out1_mb_preset_clk_wiz_1_0                                                                                                                                                                                   |
| src2      | g2        | MMCME2_ADV/CLKOUT0     | None                | MMCME2_ADV_X0Y3     | X0Y3         |           2 |               0 |               8.000 | clk_125mhz                                                  | mb_preset_i/axi_pcie_0/inst/comp_axi_enhanced_pcie/comp_enhanced_core_top_wrap/axi_pcie_enhanced_core_top_i/pcie_7x_v2_0_2_inst/pcie_top_with_gt_top.gt_ges.gt_top_i/pipe_wrapper_i/pipe_clock_int.pipe_clock_i/mmcm_i/CLKOUT0                     | mb_preset_i/axi_pcie_0/inst/comp_axi_enhanced_pcie/comp_enhanced_core_top_wrap/axi_pcie_enhanced_core_top_i/pcie_7x_v2_0_2_inst/pcie_top_with_gt_top.gt_ges.gt_top_i/pipe_wrapper_i/pipe_clock_int.pipe_clock_i/clk_125mhz                  |
| src2      | g3        | MMCME2_ADV/CLKOUT0     | None                | MMCME2_ADV_X0Y3     | X0Y3         |           2 |               0 |               8.000 | clk_125mhz                                                  | mb_preset_i/axi_pcie_0/inst/comp_axi_enhanced_pcie/comp_enhanced_core_top_wrap/axi_pcie_enhanced_core_top_i/pcie_7x_v2_0_2_inst/pcie_top_with_gt_top.gt_ges.gt_top_i/pipe_wrapper_i/pipe_clock_int.pipe_clock_i/mmcm_i/CLKOUT0                     | mb_preset_i/axi_pcie_0/inst/comp_axi_enhanced_pcie/comp_enhanced_core_top_wrap/axi_pcie_enhanced_core_top_i/pcie_7x_v2_0_2_inst/pcie_top_with_gt_top.gt_ges.gt_top_i/pipe_wrapper_i/pipe_clock_int.pipe_clock_i/clk_125mhz                  |
| src3      | g2        | MMCME2_ADV/CLKOUT1     | None                | MMCME2_ADV_X0Y3     | X0Y3         |           0 |               0 |               4.000 | clk_250mhz                                                  | mb_preset_i/axi_pcie_0/inst/comp_axi_enhanced_pcie/comp_enhanced_core_top_wrap/axi_pcie_enhanced_core_top_i/pcie_7x_v2_0_2_inst/pcie_top_with_gt_top.gt_ges.gt_top_i/pipe_wrapper_i/pipe_clock_int.pipe_clock_i/mmcm_i/CLKOUT1                     | mb_preset_i/axi_pcie_0/inst/comp_axi_enhanced_pcie/comp_enhanced_core_top_wrap/axi_pcie_enhanced_core_top_i/pcie_7x_v2_0_2_inst/pcie_top_with_gt_top.gt_ges.gt_top_i/pipe_wrapper_i/pipe_clock_int.pipe_clock_i/clk_250mhz                  |
| src4      | g4        | BSCANE2/DRCK           | None                | BSCAN_X0Y1          | X0Y1         |           1 |               0 |              33.333 | mb_preset_i/mdm_1/U0/Use_E2.BSCAN_I/Use_E2.BSCANE2_I/DRCK   | mb_preset_i/mdm_1/U0/Use_E2.BSCAN_I/Use_E2.BSCANE2_I/DRCK                                                                                                                                                                                          | mb_preset_i/mdm_1/U0/Use_E2.BSCAN_I/DRCK                                                                                                                                                                                                    |
| src5      | g4        | VCC/P                  | None                |                     | n/a          |           0 |               0 |                     |                                                             | mb_preset_i/mdm_1/U0/No_Dbg_Reg_Access.BUFG_DRCK/VCC_1/P                                                                                                                                                                                           | mb_preset_i/mdm_1/U0/No_Dbg_Reg_Access.BUFG_DRCK/VCC_2                                                                                                                                                                                      |
| src6      | g5        | BSCANE2/UPDATE         | None                | BSCAN_X0Y1          | X0Y1         |           1 |               0 |              33.333 | mb_preset_i/mdm_1/U0/Use_E2.BSCAN_I/Use_E2.BSCANE2_I/UPDATE | mb_preset_i/mdm_1/U0/Use_E2.BSCAN_I/Use_E2.BSCANE2_I/UPDATE                                                                                                                                                                                        | mb_preset_i/mdm_1/U0/Use_E2.BSCAN_I/Dbg_Update_0                                                                                                                                                                                            |
| src7      | g6        | IBUFDS_GTE2/O          | IBUFDS_GTE2_X1Y5    | IBUFDS_GTE2_X1Y5    | X1Y2         |           6 |               0 |                     |                                                             | mb_preset_i/util_ds_buf_0/U0/USE_IBUFDS_GTE2.GEN_IBUFDS_GTE2[0].IBUFDS_GTE2_I/O                                                                                                                                                                    | mb_preset_i/util_ds_buf_0/U0/IBUF_OUT[0]                                                                                                                                                                                                    |
| src8      | g7        | MMCME2_ADV/CLKOUT2     | None                | MMCME2_ADV_X0Y3     | X0Y3         |           1 |               0 |               4.000 | userclk1                                                    | mb_preset_i/axi_pcie_0/inst/comp_axi_enhanced_pcie/comp_enhanced_core_top_wrap/axi_pcie_enhanced_core_top_i/pcie_7x_v2_0_2_inst/pcie_top_with_gt_top.gt_ges.gt_top_i/pipe_wrapper_i/pipe_clock_int.pipe_clock_i/mmcm_i/CLKOUT2                     | mb_preset_i/axi_pcie_0/inst/comp_axi_enhanced_pcie/comp_enhanced_core_top_wrap/axi_pcie_enhanced_core_top_i/pcie_7x_v2_0_2_inst/pcie_top_with_gt_top.gt_ges.gt_top_i/pipe_wrapper_i/pipe_clock_int.pipe_clock_i/userclk1                    |
| src9      | g8        | GTXE2_CHANNEL/TXOUTCLK | GTXE2_CHANNEL_X1Y11 | GTXE2_CHANNEL_X1Y11 | X1Y2         |           1 |               0 |              10.000 | txoutclk                                                    | mb_preset_i/axi_pcie_0/inst/comp_axi_enhanced_pcie/comp_enhanced_core_top_wrap/axi_pcie_enhanced_core_top_i/pcie_7x_v2_0_2_inst/pcie_top_with_gt_top.gt_ges.gt_top_i/pipe_wrapper_i/pipe_lane[0].gt_wrapper_i/gtx_channel.gtxe2_channel_i/TXOUTCLK | mb_preset_i/axi_pcie_0/inst/comp_axi_enhanced_pcie/comp_enhanced_core_top_wrap/axi_pcie_enhanced_core_top_i/pcie_7x_v2_0_2_inst/pcie_top_with_gt_top.gt_ges.gt_top_i/pipe_wrapper_i/pipe_lane[0].gt_wrapper_i/gtx_channel.gtxe2_channel_i_2 |
| src10     | g9        | MMCME2_ADV/CLKFBOUT    | None                | MMCME2_ADV_X1Y5     | X1Y5         |           1 |               0 |               5.000 | clkfbout_mb_preset_clk_wiz_1_0                              | mb_preset_i/clk_wiz_1/inst/mmcm_adv_inst/CLKFBOUT                                                                                                                                                                                                  | mb_preset_i/clk_wiz_1/inst/clkfbout_mb_preset_clk_wiz_1_0                                                                                                                                                                                   |
+-----------+-----------+------------------------+---------------------+---------------------+--------------+-------------+-----------------+---------------------+-------------------------------------------------------------+----------------------------------------------------------------------------------------------------------------------------------------------------------------------------------------------------------------------------------------------------+---------------------------------------------------------------------------------------------------------------------------------------------------------------------------------------------------------------------------------------------+
* Clock Loads column represents cell count of net connects that connect to a clock pin. Internal cell leaf pins are not considered
** Non-Clock Loads column represents cell count of non-clock pin loads


4. Clock Regions: Key Resource Utilization
------------------------------------------

+-------------------+--------------+--------------+--------------+--------------+--------------+--------------+--------------+--------------+--------------+--------------+---------------+--------------+--------------+--------------+--------------+
|                   | Global Clock |     BUFRs    |    BUFMRs    |    BUFIOs    |     MMCM     |      PLL     |      GT      |      PCI     |    ILOGIC    |    OLOGIC    |       FF      |     LUTM     |    RAMB18    |    RAMB36    |    DSP48E2   |
+-------------------+------+-------+------+-------+------+-------+------+-------+------+-------+------+-------+------+-------+------+-------+------+-------+------+-------+-------+-------+------+-------+------+-------+------+-------+------+-------+
| Clock Region Name | Used | Avail | Used | Avail | Used | Avail | Used | Avail | Used | Avail | Used | Avail | Used | Avail | Used | Avail | Used | Avail | Used | Avail | Used  | Avail | Used | Avail | Used | Avail | Used | Avail | Used | Avail |
+-------------------+------+-------+------+-------+------+-------+------+-------+------+-------+------+-------+------+-------+------+-------+------+-------+------+-------+-------+-------+------+-------+------+-------+------+-------+------+-------+
| X0Y0              |    1 |    12 |    0 |     4 |    0 |     2 |    0 |     4 |    0 |     1 |    0 |     1 |    0 |     4 |    0 |     0 |    0 |    50 |    0 |    50 |     0 |  5500 |    0 |  2200 |    0 |   140 |    2 |    70 |    0 |   180 |
| X1Y0              |    4 |    12 |    0 |     4 |    0 |     2 |    0 |     4 |    0 |     1 |    0 |     1 |    0 |     4 |    0 |     0 |    0 |    50 |    0 |    50 |  6278 |  5600 | 2883 |  2500 |    0 |   160 |   34 |    80 |    3 |   220 |
| X0Y1              |    1 |    12 |    0 |     4 |    0 |     2 |    0 |     4 |    0 |     1 |    0 |     1 |    0 |     4 |    0 |     0 |   16 |    50 |   49 |    50 |    86 |  4900 |   16 |  2200 |    0 |   140 |    0 |    70 |    0 |   180 |
| X1Y1              |    4 |    12 |    0 |     4 |    0 |     2 |    0 |     4 |    0 |     1 |    0 |     1 |    0 |     4 |    0 |     0 |    0 |    50 |    0 |    50 | 10046 |  5600 | 4891 |  2500 |    1 |   160 |   12 |    80 |    0 |   220 |
| X0Y2              |    1 |    12 |    0 |     4 |    0 |     2 |    0 |     4 |    0 |     1 |    0 |     1 |    0 |     4 |    0 |     1 |    0 |    50 |   12 |    50 |    12 |  4750 |    0 |  2150 |    0 |   130 |    0 |    65 |    0 |   180 |
| X1Y2              |    5 |    12 |    0 |     4 |    0 |     2 |    0 |     4 |    0 |     1 |    0 |     1 |    4 |     4 |    1 |     1 |    0 |    50 |    0 |    50 |  3681 |  5450 | 1417 |  2450 |    0 |   150 |    4 |    75 |    0 |   220 |
| X0Y3              |    1 |    12 |    0 |     4 |    0 |     2 |    0 |     4 |    1 |     1 |    0 |     1 |    0 |     4 |    0 |     0 |    0 |    50 |    0 |    50 |     0 |  5500 |    0 |  2200 |    0 |   140 |    0 |    70 |    0 |   180 |
| X1Y3              |    0 |    12 |    0 |     4 |    0 |     2 |    0 |     4 |    0 |     1 |    0 |     1 |    0 |     4 |    0 |     0 |    0 |    50 |    0 |    50 |     0 |  5600 |    0 |  2500 |    0 |   160 |    0 |    80 |    0 |   220 |
| X0Y4              |    0 |    12 |    0 |     4 |    0 |     2 |    0 |     4 |    0 |     1 |    0 |     1 |    0 |     4 |    0 |     0 |    0 |    50 |    0 |    50 |     0 |  5500 |    0 |  2200 |    0 |   140 |    0 |    70 |    0 |   180 |
| X1Y4              |    0 |    12 |    0 |     4 |    0 |     2 |    0 |     4 |    0 |     1 |    0 |     1 |    0 |     4 |    0 |     0 |    0 |    50 |    0 |    50 |     0 |  5600 |    0 |  2500 |    0 |   160 |    0 |    80 |    0 |   220 |
| X0Y5              |    0 |    12 |    0 |     4 |    0 |     2 |    0 |     4 |    0 |     1 |    0 |     1 |    0 |     4 |    0 |     1 |    0 |    50 |    0 |    50 |     0 |  5350 |    0 |  2150 |    0 |   130 |    0 |    65 |    0 |   180 |
| X1Y5              |    1 |    12 |    0 |     4 |    0 |     2 |    0 |     4 |    1 |     1 |    0 |     1 |    0 |     4 |    0 |     1 |    0 |    50 |    0 |    50 |     0 |  5450 |    0 |  2450 |    0 |   150 |    0 |    75 |    0 |   220 |
| X0Y6              |    0 |    12 |    0 |     4 |    0 |     2 |    0 |     4 |    0 |     1 |    0 |     1 |    0 |     4 |    0 |     0 |    0 |    50 |    0 |    50 |     0 |  5500 |    0 |  2200 |    0 |   140 |    0 |    70 |    0 |   180 |
| X1Y6              |    0 |    12 |    0 |     4 |    0 |     2 |    0 |     4 |    0 |     1 |    0 |     1 |    0 |     4 |    0 |     0 |    0 |    50 |    0 |    50 |     0 |  5600 |    0 |  2500 |    0 |   160 |    0 |    80 |    0 |   220 |
+-------------------+------+-------+------+-------+------+-------+------+-------+------+-------+------+-------+------+-------+------+-------+------+-------+------+-------+-------+-------+------+-------+------+-------+------+-------+------+-------+
* Global Clock column represents track count; while other columns represents cell counts


5. Clock Regions : Global Clock Summary
---------------------------------------

All Modules
+----+----+----+
|    | X0 | X1 |
+----+----+----+
| Y6 |  0 |  0 |
| Y5 |  0 |  1 |
| Y4 |  0 |  0 |
| Y3 |  1 |  0 |
| Y2 |  1 |  5 |
| Y1 |  1 |  4 |
| Y0 |  1 |  4 |
+----+----+----+


6. Device Cell Placement Summary for Global Clock g0
----------------------------------------------------

+-----------+-----------------+-------------------+----------+-------------+---------------+-------------+----------+----------------+----------+----------------------------------------------------------------------------------------------------------------------------------------------------------------------------------------------------------------------------------+
| Global Id | Driver Type/Pin | Driver Region (D) | Clock    | Period (ns) | Waveform (ns) | Slice Loads | IO Loads | Clocking Loads | GT Loads | Net                                                                                                                                                                                                                              |
+-----------+-----------------+-------------------+----------+-------------+---------------+-------------+----------+----------------+----------+----------------------------------------------------------------------------------------------------------------------------------------------------------------------------------------------------------------------------------+
| g0        | BUFG/O          | n/a               | userclk2 |       8.000 | {0.000 4.000} |       14190 |        0 |              0 |        0 | mb_preset_i/axi_pcie_0/inst/comp_axi_enhanced_pcie/comp_enhanced_core_top_wrap/axi_pcie_enhanced_core_top_i/pcie_7x_v2_0_2_inst/pcie_top_with_gt_top.gt_ges.gt_top_i/pipe_wrapper_i/pipe_clock_int.pipe_clock_i/INT_USERCLK2_OUT |
+-----------+-----------------+-------------------+----------+-------------+---------------+-------------+----------+----------------+----------+----------------------------------------------------------------------------------------------------------------------------------------------------------------------------------------------------------------------------------+
* Slice Loads column represents load cell count of all cell types other than IO, GT and clock resources
** IO Loads column represents load cell count of IO types
*** Clocking Loads column represents load cell count that are clock resources (global clock buffer, MMCM, PLL, etc)
**** GT Loads column represents load cell count of GT types


+----+----+-------+-----------------------+
|    | X0 | X1    | HORIZONTAL PROG DELAY |
+----+----+-------+-----------------------+
| Y6 |  0 |     0 |                     - |
| Y5 |  0 |     0 |                     - |
| Y4 |  0 |     0 |                     - |
| Y3 |  0 |     0 |                     - |
| Y2 |  0 |  1889 |                     0 |
| Y1 |  0 |  9425 |                     0 |
| Y0 |  0 |  2876 |                     0 |
+----+----+-------+-----------------------+


7. Device Cell Placement Summary for Global Clock g1
----------------------------------------------------

+-----------+-----------------+-------------------+--------------------------------+-------------+---------------+-------------+----------+----------------+----------+-------------------------------------+
| Global Id | Driver Type/Pin | Driver Region (D) | Clock                          | Period (ns) | Waveform (ns) | Slice Loads | IO Loads | Clocking Loads | GT Loads | Net                                 |
+-----------+-----------------+-------------------+--------------------------------+-------------+---------------+-------------+----------+----------------+----------+-------------------------------------+
| g1        | BUFG/O          | n/a               | clk_out1_mb_preset_clk_wiz_1_0 |      10.000 | {0.000 5.000} |        4601 |        0 |              0 |        0 | mb_preset_i/clk_wiz_1/inst/clk_out1 |
+-----------+-----------------+-------------------+--------------------------------+-------------+---------------+-------------+----------+----------------+----------+-------------------------------------+
* Slice Loads column represents load cell count of all cell types other than IO, GT and clock resources
** IO Loads column represents load cell count of IO types
*** Clocking Loads column represents load cell count that are clock resources (global clock buffer, MMCM, PLL, etc)
**** GT Loads column represents load cell count of GT types


+----+-----+-------+-----------------------+
|    | X0  | X1    | HORIZONTAL PROG DELAY |
+----+-----+-------+-----------------------+
| Y6 |   0 |     0 |                     - |
| Y5 |   0 |     0 |                     - |
| Y4 |   0 |     0 |                     - |
| Y3 |   0 |     0 |                     - |
| Y2 |  12 |     0 |                     0 |
| Y1 |  86 |  1171 |                     0 |
| Y0 |   2 |  3330 |                     0 |
+----+-----+-------+-----------------------+


8. Device Cell Placement Summary for Global Clock g2
----------------------------------------------------

+-----------+-----------------+-------------------+----------+-------------+---------------+-------------+----------+----------------+----------+--------------------------------------------------------------------------------------------------------------------------------------------------------------------------------------------------------------------------------------------+
| Global Id | Driver Type/Pin | Driver Region (D) | Clock    | Period (ns) | Waveform (ns) | Slice Loads | IO Loads | Clocking Loads | GT Loads | Net                                                                                                                                                                                                                                        |
+-----------+-----------------+-------------------+----------+-------------+---------------+-------------+----------+----------------+----------+--------------------------------------------------------------------------------------------------------------------------------------------------------------------------------------------------------------------------------------------+
| g2        | BUFGCTRL/O      | n/a               | Multiple |       4.000 | {0.000 2.000} |        1451 |        0 |              0 |        4 | mb_preset_i/axi_pcie_0/inst/comp_axi_enhanced_pcie/comp_enhanced_core_top_wrap/axi_pcie_enhanced_core_top_i/pcie_7x_v2_0_2_inst/pcie_top_with_gt_top.gt_ges.gt_top_i/pipe_wrapper_i/pipe_clock_int.pipe_clock_i/pclk_i1_bufgctrl.pclk_i1_0 |
+-----------+-----------------+-------------------+----------+-------------+---------------+-------------+----------+----------------+----------+--------------------------------------------------------------------------------------------------------------------------------------------------------------------------------------------------------------------------------------------+
* Slice Loads column represents load cell count of all cell types other than IO, GT and clock resources
** IO Loads column represents load cell count of IO types
*** Clocking Loads column represents load cell count that are clock resources (global clock buffer, MMCM, PLL, etc)
**** GT Loads column represents load cell count of GT types


+----+----+-------+-----------------------+
|    | X0 | X1    | HORIZONTAL PROG DELAY |
+----+----+-------+-----------------------+
| Y6 |  0 |     0 |                     - |
| Y5 |  0 |     0 |                     - |
| Y4 |  0 |     0 |                     - |
| Y3 |  0 |     0 |                     - |
| Y2 |  0 |  1449 |                     0 |
| Y1 |  0 |     6 |                     0 |
| Y0 |  0 |     0 |                     - |
+----+----+-------+-----------------------+


9. Device Cell Placement Summary for Global Clock g3
----------------------------------------------------

+-----------+-----------------+-------------------+------------+-------------+---------------+-------------+----------+----------------+----------+---------------------------------------------------------------------------------------------------------------------------------------------------------------------------------------------------------------------+
| Global Id | Driver Type/Pin | Driver Region (D) | Clock      | Period (ns) | Waveform (ns) | Slice Loads | IO Loads | Clocking Loads | GT Loads | Net                                                                                                                                                                                                                 |
+-----------+-----------------+-------------------+------------+-------------+---------------+-------------+----------+----------------+----------+---------------------------------------------------------------------------------------------------------------------------------------------------------------------------------------------------------------------+
| g3        | BUFG/O          | n/a               | clk_125mhz |       8.000 | {0.000 4.000} |         392 |        0 |              0 |        5 | mb_preset_i/axi_pcie_0/inst/comp_axi_enhanced_pcie/comp_enhanced_core_top_wrap/axi_pcie_enhanced_core_top_i/pcie_7x_v2_0_2_inst/pcie_top_with_gt_top.gt_ges.gt_top_i/pipe_wrapper_i/pipe_clock_int.pipe_clock_i/CLK |
+-----------+-----------------+-------------------+------------+-------------+---------------+-------------+----------+----------------+----------+---------------------------------------------------------------------------------------------------------------------------------------------------------------------------------------------------------------------+
* Slice Loads column represents load cell count of all cell types other than IO, GT and clock resources
** IO Loads column represents load cell count of IO types
*** Clocking Loads column represents load cell count that are clock resources (global clock buffer, MMCM, PLL, etc)
**** GT Loads column represents load cell count of GT types


+----+----+------+-----------------------+
|    | X0 | X1   | HORIZONTAL PROG DELAY |
+----+----+------+-----------------------+
| Y6 |  0 |    0 |                     - |
| Y5 |  0 |    0 |                     - |
| Y4 |  0 |    0 |                     - |
| Y3 |  0 |    0 |                     - |
| Y2 |  0 |  361 |                     0 |
| Y1 |  0 |   36 |                     0 |
| Y0 |  0 |    0 |                     - |
+----+----+------+-----------------------+


10. Device Cell Placement Summary for Global Clock g4
-----------------------------------------------------

+-----------+-----------------+-------------------+-----------------------------------------------------------+-------------+----------------+-------------+----------+----------------+----------+------------------------------------------------------------+
| Global Id | Driver Type/Pin | Driver Region (D) | Clock                                                     | Period (ns) | Waveform (ns)  | Slice Loads | IO Loads | Clocking Loads | GT Loads | Net                                                        |
+-----------+-----------------+-------------------+-----------------------------------------------------------+-------------+----------------+-------------+----------+----------------+----------+------------------------------------------------------------+
| g4        | BUFGCTRL/O      | n/a               | mb_preset_i/mdm_1/U0/Use_E2.BSCAN_I/Use_E2.BSCANE2_I/DRCK |      33.333 | {0.000 16.667} |         233 |        0 |              0 |        0 | mb_preset_i/mdm_1/U0/No_Dbg_Reg_Access.BUFG_DRCK/Dbg_Clk_0 |
+-----------+-----------------+-------------------+-----------------------------------------------------------+-------------+----------------+-------------+----------+----------------+----------+------------------------------------------------------------+
* Slice Loads column represents load cell count of all cell types other than IO, GT and clock resources
** IO Loads column represents load cell count of IO types
*** Clocking Loads column represents load cell count that are clock resources (global clock buffer, MMCM, PLL, etc)
**** GT Loads column represents load cell count of GT types


+----+----+------+-----------------------+
|    | X0 | X1   | HORIZONTAL PROG DELAY |
+----+----+------+-----------------------+
| Y6 |  0 |    0 |                     - |
| Y5 |  0 |    0 |                     - |
| Y4 |  0 |    0 |                     - |
| Y3 |  0 |    0 |                     - |
| Y2 |  0 |    0 |                     - |
| Y1 |  0 |    0 |                     - |
| Y0 |  0 |  233 |                     0 |
+----+----+------+-----------------------+


11. Device Cell Placement Summary for Global Clock g5
-----------------------------------------------------

+-----------+-----------------+-------------------+-------------------------------------------------------------+-------------+----------------+-------------+----------+----------------+----------+-------------------------------------------------------+
| Global Id | Driver Type/Pin | Driver Region (D) | Clock                                                       | Period (ns) | Waveform (ns)  | Slice Loads | IO Loads | Clocking Loads | GT Loads | Net                                                   |
+-----------+-----------------+-------------------+-------------------------------------------------------------+-------------+----------------+-------------+----------+----------------+----------+-------------------------------------------------------+
| g5        | BUFG/O          | n/a               | mb_preset_i/mdm_1/U0/Use_E2.BSCAN_I/Use_E2.BSCANE2_I/UPDATE |      33.333 | {0.000 16.667} |          40 |        0 |              0 |        0 | mb_preset_i/mdm_1/U0/Use_E2.BSCAN_I/Dbg_Update_0_BUFG |
+-----------+-----------------+-------------------+-------------------------------------------------------------+-------------+----------------+-------------+----------+----------------+----------+-------------------------------------------------------+
* Slice Loads column represents load cell count of all cell types other than IO, GT and clock resources
** IO Loads column represents load cell count of IO types
*** Clocking Loads column represents load cell count that are clock resources (global clock buffer, MMCM, PLL, etc)
**** GT Loads column represents load cell count of GT types


+----+----+-----+-----------------------+
|    | X0 | X1  | HORIZONTAL PROG DELAY |
+----+----+-----+-----------------------+
| Y6 |  0 |   0 |                     - |
| Y5 |  0 |   0 |                     - |
| Y4 |  0 |   0 |                     - |
| Y3 |  0 |   0 |                     - |
| Y2 |  0 |   0 |                     - |
| Y1 |  0 |   0 |                     - |
| Y0 |  0 |  40 |                     0 |
+----+----+-----+-----------------------+


12. Device Cell Placement Summary for Global Clock g6
-----------------------------------------------------

+-----------+-----------------+-------------------+-------+-------------+---------------+-------------+----------+----------------+----------+-----------------------------------------------------------------------------------------------------------------------------------------------------------------------------------------------------+
| Global Id | Driver Type/Pin | Driver Region (D) | Clock | Period (ns) | Waveform (ns) | Slice Loads | IO Loads | Clocking Loads | GT Loads | Net                                                                                                                                                                                                 |
+-----------+-----------------+-------------------+-------+-------------+---------------+-------------+----------+----------------+----------+-----------------------------------------------------------------------------------------------------------------------------------------------------------------------------------------------------+
| g6        | BUFG/O          | n/a               |       |             |               |          36 |        0 |              0 |        0 | mb_preset_i/axi_pcie_0/inst/comp_axi_enhanced_pcie/comp_enhanced_core_top_wrap/axi_pcie_enhanced_core_top_i/pcie_7x_v2_0_2_inst/pcie_top_with_gt_top.gt_ges.gt_top_i/pipe_wrapper_i/gt_cpllpdrefclk |
+-----------+-----------------+-------------------+-------+-------------+---------------+-------------+----------+----------------+----------+-----------------------------------------------------------------------------------------------------------------------------------------------------------------------------------------------------+
* Slice Loads column represents load cell count of all cell types other than IO, GT and clock resources
** IO Loads column represents load cell count of IO types
*** Clocking Loads column represents load cell count that are clock resources (global clock buffer, MMCM, PLL, etc)
**** GT Loads column represents load cell count of GT types


+----+----+-----+-----------------------+
|    | X0 | X1  | HORIZONTAL PROG DELAY |
+----+----+-----+-----------------------+
| Y6 |  0 |   0 |                     - |
| Y5 |  0 |   0 |                     - |
| Y4 |  0 |   0 |                     - |
| Y3 |  0 |   0 |                     - |
| Y2 |  0 |  36 |                     0 |
| Y1 |  0 |   0 |                     - |
| Y0 |  0 |   0 |                     - |
+----+----+-----+-----------------------+


13. Device Cell Placement Summary for Global Clock g7
-----------------------------------------------------

+-----------+-----------------+-------------------+----------+-------------+---------------+-------------+----------+----------------+----------+----------------------------------------------------------------------------------------------------------------------------------------------------------------------------------------------------------------------------------+
| Global Id | Driver Type/Pin | Driver Region (D) | Clock    | Period (ns) | Waveform (ns) | Slice Loads | IO Loads | Clocking Loads | GT Loads | Net                                                                                                                                                                                                                              |
+-----------+-----------------+-------------------+----------+-------------+---------------+-------------+----------+----------------+----------+----------------------------------------------------------------------------------------------------------------------------------------------------------------------------------------------------------------------------------+
| g7        | BUFG/O          | n/a               | userclk1 |       4.000 | {0.000 2.000} |           5 |        0 |              0 |        0 | mb_preset_i/axi_pcie_0/inst/comp_axi_enhanced_pcie/comp_enhanced_core_top_wrap/axi_pcie_enhanced_core_top_i/pcie_7x_v2_0_2_inst/pcie_top_with_gt_top.gt_ges.gt_top_i/pipe_wrapper_i/pipe_clock_int.pipe_clock_i/INT_USERCLK1_OUT |
+-----------+-----------------+-------------------+----------+-------------+---------------+-------------+----------+----------------+----------+----------------------------------------------------------------------------------------------------------------------------------------------------------------------------------------------------------------------------------+
* Slice Loads column represents load cell count of all cell types other than IO, GT and clock resources
** IO Loads column represents load cell count of IO types
*** Clocking Loads column represents load cell count that are clock resources (global clock buffer, MMCM, PLL, etc)
**** GT Loads column represents load cell count of GT types


+----+----+----+-----------------------+
|    | X0 | X1 | HORIZONTAL PROG DELAY |
+----+----+----+-----------------------+
| Y6 |  0 |  0 |                     - |
| Y5 |  0 |  0 |                     - |
| Y4 |  0 |  0 |                     - |
| Y3 |  0 |  0 |                     - |
| Y2 |  0 |  5 |                     0 |
| Y1 |  0 |  0 |                     - |
| Y0 |  0 |  0 |                     - |
+----+----+----+-----------------------+


14. Device Cell Placement Summary for Global Clock g8
-----------------------------------------------------

+-----------+-----------------+-------------------+----------+-------------+---------------+-------------+----------+----------------+----------+------------------------------------------------------------------------------------------------------------------------------------------------------------------------------------------------------------------------+
| Global Id | Driver Type/Pin | Driver Region (D) | Clock    | Period (ns) | Waveform (ns) | Slice Loads | IO Loads | Clocking Loads | GT Loads | Net                                                                                                                                                                                                                    |
+-----------+-----------------+-------------------+----------+-------------+---------------+-------------+----------+----------------+----------+------------------------------------------------------------------------------------------------------------------------------------------------------------------------------------------------------------------------+
| g8        | BUFG/O          | n/a               | txoutclk |      10.000 | {0.000 5.000} |           0 |        0 |              1 |        0 | mb_preset_i/axi_pcie_0/inst/comp_axi_enhanced_pcie/comp_enhanced_core_top_wrap/axi_pcie_enhanced_core_top_i/pcie_7x_v2_0_2_inst/pcie_top_with_gt_top.gt_ges.gt_top_i/pipe_wrapper_i/pipe_clock_int.pipe_clock_i/refclk |
+-----------+-----------------+-------------------+----------+-------------+---------------+-------------+----------+----------------+----------+------------------------------------------------------------------------------------------------------------------------------------------------------------------------------------------------------------------------+
* Slice Loads column represents load cell count of all cell types other than IO, GT and clock resources
** IO Loads column represents load cell count of IO types
*** Clocking Loads column represents load cell count that are clock resources (global clock buffer, MMCM, PLL, etc)
**** GT Loads column represents load cell count of GT types


+----+----+----+-----------------------+
|    | X0 | X1 | HORIZONTAL PROG DELAY |
+----+----+----+-----------------------+
| Y6 |  0 |  0 |                     - |
| Y5 |  0 |  0 |                     - |
| Y4 |  0 |  0 |                     - |
| Y3 |  1 |  0 |                     0 |
| Y2 |  0 |  0 |                     - |
| Y1 |  0 |  0 |                     - |
| Y0 |  0 |  0 |                     - |
+----+----+----+-----------------------+


15. Device Cell Placement Summary for Global Clock g9
-----------------------------------------------------

+-----------+-----------------+-------------------+--------------------------------+-------------+---------------+-------------+----------+----------------+----------+---------------------------------------------------------------+
| Global Id | Driver Type/Pin | Driver Region (D) | Clock                          | Period (ns) | Waveform (ns) | Slice Loads | IO Loads | Clocking Loads | GT Loads | Net                                                           |
+-----------+-----------------+-------------------+--------------------------------+-------------+---------------+-------------+----------+----------------+----------+---------------------------------------------------------------+
| g9        | BUFG/O          | n/a               | clkfbout_mb_preset_clk_wiz_1_0 |       5.000 | {0.000 2.500} |           0 |        0 |              1 |        0 | mb_preset_i/clk_wiz_1/inst/clkfbout_buf_mb_preset_clk_wiz_1_0 |
+-----------+-----------------+-------------------+--------------------------------+-------------+---------------+-------------+----------+----------------+----------+---------------------------------------------------------------+
* Slice Loads column represents load cell count of all cell types other than IO, GT and clock resources
** IO Loads column represents load cell count of IO types
*** Clocking Loads column represents load cell count that are clock resources (global clock buffer, MMCM, PLL, etc)
**** GT Loads column represents load cell count of GT types


+----+----+----+-----------------------+
|    | X0 | X1 | HORIZONTAL PROG DELAY |
+----+----+----+-----------------------+
| Y6 |  0 |  0 |                     - |
| Y5 |  0 |  1 |                     0 |
| Y4 |  0 |  0 |                     - |
| Y3 |  0 |  0 |                     - |
| Y2 |  0 |  0 |                     - |
| Y1 |  0 |  0 |                     - |
| Y0 |  0 |  0 |                     - |
+----+----+----+-----------------------+


16. Clock Region Cell Placement per Global Clock: Region X0Y0
-------------------------------------------------------------

+-----------+-------+-----------------+------------+-------------+-----------------+----+-------------+------+-----+----+------+-----+---------+-------------------------------------+
| Global Id | Track | Driver Type/Pin | Constraint | Clock Loads | Non-Clock Loads | FF | Memory LUTs | RAMB | DSP | GT | MMCM | PLL | Hard IP | Net                                 |
+-----------+-------+-----------------+------------+-------------+-----------------+----+-------------+------+-----+----+------+-----+---------+-------------------------------------+
| g1        | n/a   | BUFG/O          | None       |           2 |               0 |  0 |           0 |    2 |   0 |  0 |    0 |   0 |       0 | mb_preset_i/clk_wiz_1/inst/clk_out1 |
+-----------+-------+-----------------+------------+-------------+-----------------+----+-------------+------+-----+----+------+-----+---------+-------------------------------------+
* Clock Loads column represents cell count of net connects that connect to a clock pin. Internal cell leaf pins are not considered
** Non-Clock Loads column represents cell count of non-clock pin loads
*** Columns FF, LUTRAM, RAMB through 'Hard IP' represents load cell counts


17. Clock Region Cell Placement per Global Clock: Region X1Y0
-------------------------------------------------------------

+-----------+-------+-----------------+------------+-------------+-----------------+------+-------------+------+-----+----+------+-----+---------+----------------------------------------------------------------------------------------------------------------------------------------------------------------------------------------------------------------------------------+
| Global Id | Track | Driver Type/Pin | Constraint | Clock Loads | Non-Clock Loads | FF   | Memory LUTs | RAMB | DSP | GT | MMCM | PLL | Hard IP | Net                                                                                                                                                                                                                              |
+-----------+-------+-----------------+------------+-------------+-----------------+------+-------------+------+-----+----+------+-----+---------+----------------------------------------------------------------------------------------------------------------------------------------------------------------------------------------------------------------------------------+
| g0        | n/a   | BUFG/O          | None       |        2876 |               0 | 2871 |           0 |    5 |   0 |  0 |    0 |   0 |       0 | mb_preset_i/axi_pcie_0/inst/comp_axi_enhanced_pcie/comp_enhanced_core_top_wrap/axi_pcie_enhanced_core_top_i/pcie_7x_v2_0_2_inst/pcie_top_with_gt_top.gt_ges.gt_top_i/pipe_wrapper_i/pipe_clock_int.pipe_clock_i/INT_USERCLK2_OUT |
| g1        | n/a   | BUFG/O          | None       |        3330 |               0 | 3158 |         140 |   29 |   3 |  0 |    0 |   0 |       0 | mb_preset_i/clk_wiz_1/inst/clk_out1                                                                                                                                                                                              |
| g4        | n/a   | BUFGCTRL/O      | None       |         233 |               0 |  210 |          23 |    0 |   0 |  0 |    0 |   0 |       0 | mb_preset_i/mdm_1/U0/No_Dbg_Reg_Access.BUFG_DRCK/Dbg_Clk_0                                                                                                                                                                       |
| g5        | n/a   | BUFG/O          | None       |          39 |               1 |   39 |           0 |    0 |   0 |  0 |    0 |   0 |       0 | mb_preset_i/mdm_1/U0/Use_E2.BSCAN_I/Dbg_Update_0_BUFG                                                                                                                                                                            |
+-----------+-------+-----------------+------------+-------------+-----------------+------+-------------+------+-----+----+------+-----+---------+----------------------------------------------------------------------------------------------------------------------------------------------------------------------------------------------------------------------------------+
* Clock Loads column represents cell count of net connects that connect to a clock pin. Internal cell leaf pins are not considered
** Non-Clock Loads column represents cell count of non-clock pin loads
*** Columns FF, LUTRAM, RAMB through 'Hard IP' represents load cell counts


18. Clock Region Cell Placement per Global Clock: Region X0Y1
-------------------------------------------------------------

+-----------+-------+-----------------+------------+-------------+-----------------+----+-------------+------+-----+----+------+-----+---------+-------------------------------------+
| Global Id | Track | Driver Type/Pin | Constraint | Clock Loads | Non-Clock Loads | FF | Memory LUTs | RAMB | DSP | GT | MMCM | PLL | Hard IP | Net                                 |
+-----------+-------+-----------------+------------+-------------+-----------------+----+-------------+------+-----+----+------+-----+---------+-------------------------------------+
| g1        | n/a   | BUFG/O          | None       |          86 |               0 | 86 |           0 |    0 |   0 |  0 |    0 |   0 |       0 | mb_preset_i/clk_wiz_1/inst/clk_out1 |
+-----------+-------+-----------------+------------+-------------+-----------------+----+-------------+------+-----+----+------+-----+---------+-------------------------------------+
* Clock Loads column represents cell count of net connects that connect to a clock pin. Internal cell leaf pins are not considered
** Non-Clock Loads column represents cell count of non-clock pin loads
*** Columns FF, LUTRAM, RAMB through 'Hard IP' represents load cell counts


19. Clock Region Cell Placement per Global Clock: Region X1Y1
-------------------------------------------------------------

+-----------+-------+-----------------+------------+-------------+-----------------+------+-------------+------+-----+----+------+-----+---------+--------------------------------------------------------------------------------------------------------------------------------------------------------------------------------------------------------------------------------------------+
| Global Id | Track | Driver Type/Pin | Constraint | Clock Loads | Non-Clock Loads | FF   | Memory LUTs | RAMB | DSP | GT | MMCM | PLL | Hard IP | Net                                                                                                                                                                                                                                        |
+-----------+-------+-----------------+------------+-------------+-----------------+------+-------------+------+-----+----+------+-----+---------+--------------------------------------------------------------------------------------------------------------------------------------------------------------------------------------------------------------------------------------------+
| g0        | n/a   | BUFG/O          | None       |        9425 |               0 | 9075 |         337 |   12 |   0 |  0 |    0 |   0 |       0 | mb_preset_i/axi_pcie_0/inst/comp_axi_enhanced_pcie/comp_enhanced_core_top_wrap/axi_pcie_enhanced_core_top_i/pcie_7x_v2_0_2_inst/pcie_top_with_gt_top.gt_ges.gt_top_i/pipe_wrapper_i/pipe_clock_int.pipe_clock_i/INT_USERCLK2_OUT           |
| g1        | n/a   | BUFG/O          | None       |        1171 |               0 |  929 |         241 |    1 |   0 |  0 |    0 |   0 |       0 | mb_preset_i/clk_wiz_1/inst/clk_out1                                                                                                                                                                                                        |
| g2        | n/a   | BUFGCTRL/O      | None       |           6 |               0 |    6 |           0 |    0 |   0 |  0 |    0 |   0 |       0 | mb_preset_i/axi_pcie_0/inst/comp_axi_enhanced_pcie/comp_enhanced_core_top_wrap/axi_pcie_enhanced_core_top_i/pcie_7x_v2_0_2_inst/pcie_top_with_gt_top.gt_ges.gt_top_i/pipe_wrapper_i/pipe_clock_int.pipe_clock_i/pclk_i1_bufgctrl.pclk_i1_0 |
| g3        | n/a   | BUFG/O          | None       |          36 |               0 |   36 |           0 |    0 |   0 |  0 |    0 |   0 |       0 | mb_preset_i/axi_pcie_0/inst/comp_axi_enhanced_pcie/comp_enhanced_core_top_wrap/axi_pcie_enhanced_core_top_i/pcie_7x_v2_0_2_inst/pcie_top_with_gt_top.gt_ges.gt_top_i/pipe_wrapper_i/pipe_clock_int.pipe_clock_i/CLK                        |
+-----------+-------+-----------------+------------+-------------+-----------------+------+-------------+------+-----+----+------+-----+---------+--------------------------------------------------------------------------------------------------------------------------------------------------------------------------------------------------------------------------------------------+
* Clock Loads column represents cell count of net connects that connect to a clock pin. Internal cell leaf pins are not considered
** Non-Clock Loads column represents cell count of non-clock pin loads
*** Columns FF, LUTRAM, RAMB through 'Hard IP' represents load cell counts


20. Clock Region Cell Placement per Global Clock: Region X0Y2
-------------------------------------------------------------

+-----------+-------+-----------------+------------+-------------+-----------------+----+-------------+------+-----+----+------+-----+---------+-------------------------------------+
| Global Id | Track | Driver Type/Pin | Constraint | Clock Loads | Non-Clock Loads | FF | Memory LUTs | RAMB | DSP | GT | MMCM | PLL | Hard IP | Net                                 |
+-----------+-------+-----------------+------------+-------------+-----------------+----+-------------+------+-----+----+------+-----+---------+-------------------------------------+
| g1        | n/a   | BUFG/O          | None       |          12 |               0 | 12 |           0 |    0 |   0 |  0 |    0 |   0 |       0 | mb_preset_i/clk_wiz_1/inst/clk_out1 |
+-----------+-------+-----------------+------------+-------------+-----------------+----+-------------+------+-----+----+------+-----+---------+-------------------------------------+
* Clock Loads column represents cell count of net connects that connect to a clock pin. Internal cell leaf pins are not considered
** Non-Clock Loads column represents cell count of non-clock pin loads
*** Columns FF, LUTRAM, RAMB through 'Hard IP' represents load cell counts


21. Clock Region Cell Placement per Global Clock: Region X1Y2
-------------------------------------------------------------

+-----------+-------+-----------------+------------+-------------+-----------------+------+-------------+------+-----+----+------+-----+---------+--------------------------------------------------------------------------------------------------------------------------------------------------------------------------------------------------------------------------------------------+
| Global Id | Track | Driver Type/Pin | Constraint | Clock Loads | Non-Clock Loads | FF   | Memory LUTs | RAMB | DSP | GT | MMCM | PLL | Hard IP | Net                                                                                                                                                                                                                                        |
+-----------+-------+-----------------+------------+-------------+-----------------+------+-------------+------+-----+----+------+-----+---------+--------------------------------------------------------------------------------------------------------------------------------------------------------------------------------------------------------------------------------------------+
| g0        | n/a   | BUFG/O          | None       |        1889 |               0 | 1873 |          15 |    0 |   0 |  0 |    0 |   0 |       1 | mb_preset_i/axi_pcie_0/inst/comp_axi_enhanced_pcie/comp_enhanced_core_top_wrap/axi_pcie_enhanced_core_top_i/pcie_7x_v2_0_2_inst/pcie_top_with_gt_top.gt_ges.gt_top_i/pipe_wrapper_i/pipe_clock_int.pipe_clock_i/INT_USERCLK2_OUT           |
| g2        | n/a   | BUFGCTRL/O      | None       |        1449 |               0 | 1444 |           0 |    0 |   0 |  4 |    0 |   0 |       1 | mb_preset_i/axi_pcie_0/inst/comp_axi_enhanced_pcie/comp_enhanced_core_top_wrap/axi_pcie_enhanced_core_top_i/pcie_7x_v2_0_2_inst/pcie_top_with_gt_top.gt_ges.gt_top_i/pipe_wrapper_i/pipe_clock_int.pipe_clock_i/pclk_i1_bufgctrl.pclk_i1_0 |
| g3        | n/a   | BUFG/O          | None       |         361 |               0 |  356 |           0 |    0 |   0 |  4 |    0 |   0 |       0 | mb_preset_i/axi_pcie_0/inst/comp_axi_enhanced_pcie/comp_enhanced_core_top_wrap/axi_pcie_enhanced_core_top_i/pcie_7x_v2_0_2_inst/pcie_top_with_gt_top.gt_ges.gt_top_i/pipe_wrapper_i/pipe_clock_int.pipe_clock_i/CLK                        |
| g6        | n/a   | BUFG/O          | None       |          36 |               0 |    8 |          28 |    0 |   0 |  0 |    0 |   0 |       0 | mb_preset_i/axi_pcie_0/inst/comp_axi_enhanced_pcie/comp_enhanced_core_top_wrap/axi_pcie_enhanced_core_top_i/pcie_7x_v2_0_2_inst/pcie_top_with_gt_top.gt_ges.gt_top_i/pipe_wrapper_i/gt_cpllpdrefclk                                        |
| g7        | n/a   | BUFG/O          | None       |           5 |               0 |    0 |           0 |    4 |   0 |  0 |    0 |   0 |       1 | mb_preset_i/axi_pcie_0/inst/comp_axi_enhanced_pcie/comp_enhanced_core_top_wrap/axi_pcie_enhanced_core_top_i/pcie_7x_v2_0_2_inst/pcie_top_with_gt_top.gt_ges.gt_top_i/pipe_wrapper_i/pipe_clock_int.pipe_clock_i/INT_USERCLK1_OUT           |
+-----------+-------+-----------------+------------+-------------+-----------------+------+-------------+------+-----+----+------+-----+---------+--------------------------------------------------------------------------------------------------------------------------------------------------------------------------------------------------------------------------------------------+
* Clock Loads column represents cell count of net connects that connect to a clock pin. Internal cell leaf pins are not considered
** Non-Clock Loads column represents cell count of non-clock pin loads
*** Columns FF, LUTRAM, RAMB through 'Hard IP' represents load cell counts


22. Clock Region Cell Placement per Global Clock: Region X0Y3
-------------------------------------------------------------

+-----------+-------+-----------------+------------+-------------+-----------------+----+-------------+------+-----+----+------+-----+---------+------------------------------------------------------------------------------------------------------------------------------------------------------------------------------------------------------------------------+
| Global Id | Track | Driver Type/Pin | Constraint | Clock Loads | Non-Clock Loads | FF | Memory LUTs | RAMB | DSP | GT | MMCM | PLL | Hard IP | Net                                                                                                                                                                                                                    |
+-----------+-------+-----------------+------------+-------------+-----------------+----+-------------+------+-----+----+------+-----+---------+------------------------------------------------------------------------------------------------------------------------------------------------------------------------------------------------------------------------+
| g8        | n/a   | BUFG/O          | None       |           1 |               0 |  0 |           0 |    0 |   0 |  0 |    1 |   0 |       0 | mb_preset_i/axi_pcie_0/inst/comp_axi_enhanced_pcie/comp_enhanced_core_top_wrap/axi_pcie_enhanced_core_top_i/pcie_7x_v2_0_2_inst/pcie_top_with_gt_top.gt_ges.gt_top_i/pipe_wrapper_i/pipe_clock_int.pipe_clock_i/refclk |
+-----------+-------+-----------------+------------+-------------+-----------------+----+-------------+------+-----+----+------+-----+---------+------------------------------------------------------------------------------------------------------------------------------------------------------------------------------------------------------------------------+
* Clock Loads column represents cell count of net connects that connect to a clock pin. Internal cell leaf pins are not considered
** Non-Clock Loads column represents cell count of non-clock pin loads
*** Columns FF, LUTRAM, RAMB through 'Hard IP' represents load cell counts


23. Clock Region Cell Placement per Global Clock: Region X1Y5
-------------------------------------------------------------

+-----------+-------+-----------------+------------+-------------+-----------------+----+-------------+------+-----+----+------+-----+---------+---------------------------------------------------------------+
| Global Id | Track | Driver Type/Pin | Constraint | Clock Loads | Non-Clock Loads | FF | Memory LUTs | RAMB | DSP | GT | MMCM | PLL | Hard IP | Net                                                           |
+-----------+-------+-----------------+------------+-------------+-----------------+----+-------------+------+-----+----+------+-----+---------+---------------------------------------------------------------+
| g9        | n/a   | BUFG/O          | None       |           1 |               0 |  0 |           0 |    0 |   0 |  0 |    1 |   0 |       0 | mb_preset_i/clk_wiz_1/inst/clkfbout_buf_mb_preset_clk_wiz_1_0 |
+-----------+-------+-----------------+------------+-------------+-----------------+----+-------------+------+-----+----+------+-----+---------+---------------------------------------------------------------+
* Clock Loads column represents cell count of net connects that connect to a clock pin. Internal cell leaf pins are not considered
** Non-Clock Loads column represents cell count of non-clock pin loads
*** Columns FF, LUTRAM, RAMB through 'Hard IP' represents load cell counts



# Location of BUFG Primitives 
set_property LOC BUFGCTRL_X0Y5 [get_cells mb_preset_i/mdm_1/U0/Use_E2.BSCAN_I/Dbg_Update_0_BUFG_inst]
set_property LOC BUFGCTRL_X0Y4 [get_cells mb_preset_i/mdm_1/U0/No_Dbg_Reg_Access.BUFG_DRCK/Using_FPGA.Native]
set_property LOC BUFGCTRL_X0Y17 [get_cells mb_preset_i/clk_wiz_1/inst/clkf_buf]
set_property LOC BUFGCTRL_X0Y16 [get_cells mb_preset_i/clk_wiz_1/inst/clkout1_buf]
set_property LOC BUFGCTRL_X0Y7 [get_cells mb_preset_i/axi_pcie_0/inst/comp_axi_enhanced_pcie/comp_enhanced_core_top_wrap/axi_pcie_enhanced_core_top_i/pcie_7x_v2_0_2_inst/pcie_top_with_gt_top.gt_ges.gt_top_i/pipe_wrapper_i/pipe_clock_int.pipe_clock_i/txoutclk_i.txoutclk_i]
set_property LOC BUFGCTRL_X0Y1 [get_cells mb_preset_i/axi_pcie_0/inst/comp_axi_enhanced_pcie/comp_enhanced_core_top_wrap/axi_pcie_enhanced_core_top_i/pcie_7x_v2_0_2_inst/pcie_top_with_gt_top.gt_ges.gt_top_i/pipe_wrapper_i/pipe_clock_int.pipe_clock_i/pclk_i1_bufgctrl.pclk_i1]
set_property LOC BUFGCTRL_X0Y0 [get_cells mb_preset_i/axi_pcie_0/inst/comp_axi_enhanced_pcie/comp_enhanced_core_top_wrap/axi_pcie_enhanced_core_top_i/pcie_7x_v2_0_2_inst/pcie_top_with_gt_top.gt_ges.gt_top_i/pipe_wrapper_i/pipe_clock_int.pipe_clock_i/userclk2_i1.usrclk2_i1]
set_property LOC BUFGCTRL_X0Y3 [get_cells mb_preset_i/axi_pcie_0/inst/comp_axi_enhanced_pcie/comp_enhanced_core_top_wrap/axi_pcie_enhanced_core_top_i/pcie_7x_v2_0_2_inst/pcie_top_with_gt_top.gt_ges.gt_top_i/pipe_wrapper_i/pipe_clock_int.pipe_clock_i/userclk1_i1.usrclk1_i1]
set_property LOC BUFGCTRL_X0Y2 [get_cells mb_preset_i/axi_pcie_0/inst/comp_axi_enhanced_pcie/comp_enhanced_core_top_wrap/axi_pcie_enhanced_core_top_i/pcie_7x_v2_0_2_inst/pcie_top_with_gt_top.gt_ges.gt_top_i/pipe_wrapper_i/pipe_clock_int.pipe_clock_i/dclk_i_bufg.dclk_i]
set_property LOC BUFGCTRL_X0Y6 [get_cells mb_preset_i/axi_pcie_0/inst/comp_axi_enhanced_pcie/comp_enhanced_core_top_wrap/axi_pcie_enhanced_core_top_i/pcie_7x_v2_0_2_inst/pcie_top_with_gt_top.gt_ges.gt_top_i/pipe_wrapper_i/cpllpd_refclk_inst]

# Location of IO Primitives which is load of clock spine

# Location of clock ports
set_property LOC IPAD_X2Y71 [get_ports pcie_ref_clk_n[0]]
set_property LOC IPAD_X2Y70 [get_ports pcie_ref_clk_p[0]]
set_property LOC IOB_X1Y275 [get_ports sys_diff_clock_clk_n]
set_property LOC IOB_X1Y276 [get_ports sys_diff_clock_clk_p]

# Clock net "mb_preset_i/mdm_1/U0/Use_E2.BSCAN_I/Dbg_Update_0_BUFG" driven by instance "mb_preset_i/mdm_1/U0/Use_E2.BSCAN_I/Dbg_Update_0_BUFG_inst" located at site "BUFGCTRL_X0Y5"
#startgroup
create_pblock {CLKAG_mb_preset_i/mdm_1/U0/Use_E2.BSCAN_I/Dbg_Update_0_BUFG}
add_cells_to_pblock [get_pblocks  {CLKAG_mb_preset_i/mdm_1/U0/Use_E2.BSCAN_I/Dbg_Update_0_BUFG}] [get_cells -filter { PRIMITIVE_GROUP != I/O && IS_PRIMITIVE==1 && PRIMITIVE_LEVEL !=INTERNAL } -of_object [get_pins -filter {DIRECTION==IN} -of_objects [get_nets -hierarchical -filter {PARENT=="mb_preset_i/mdm_1/U0/Use_E2.BSCAN_I/Dbg_Update_0_BUFG"}]]]
resize_pblock [get_pblocks {CLKAG_mb_preset_i/mdm_1/U0/Use_E2.BSCAN_I/Dbg_Update_0_BUFG}] -add {CLOCKREGION_X1Y0:CLOCKREGION_X1Y0}
#endgroup

# Clock net "mb_preset_i/mdm_1/U0/No_Dbg_Reg_Access.BUFG_DRCK/Dbg_Clk_0" driven by instance "mb_preset_i/mdm_1/U0/No_Dbg_Reg_Access.BUFG_DRCK/Using_FPGA.Native" located at site "BUFGCTRL_X0Y4"
#startgroup
create_pblock {CLKAG_mb_preset_i/mdm_1/U0/No_Dbg_Reg_Access.BUFG_DRCK/Dbg_Clk_0}
add_cells_to_pblock [get_pblocks  {CLKAG_mb_preset_i/mdm_1/U0/No_Dbg_Reg_Access.BUFG_DRCK/Dbg_Clk_0}] [get_cells -filter { PRIMITIVE_GROUP != I/O && IS_PRIMITIVE==1 && PRIMITIVE_LEVEL !=INTERNAL } -of_object [get_pins -filter {DIRECTION==IN} -of_objects [get_nets -hierarchical -filter {PARENT=="mb_preset_i/mdm_1/U0/No_Dbg_Reg_Access.BUFG_DRCK/Dbg_Clk_0"}]]]
resize_pblock [get_pblocks {CLKAG_mb_preset_i/mdm_1/U0/No_Dbg_Reg_Access.BUFG_DRCK/Dbg_Clk_0}] -add {CLOCKREGION_X1Y0:CLOCKREGION_X1Y0}
#endgroup

# Clock net "mb_preset_i/clk_wiz_1/inst/clk_out1" driven by instance "mb_preset_i/clk_wiz_1/inst/clkout1_buf" located at site "BUFGCTRL_X0Y16"
#startgroup
create_pblock {CLKAG_mb_preset_i/clk_wiz_1/inst/clk_out1}
add_cells_to_pblock [get_pblocks  {CLKAG_mb_preset_i/clk_wiz_1/inst/clk_out1}] [get_cells -filter { PRIMITIVE_GROUP != I/O && IS_PRIMITIVE==1 && PRIMITIVE_LEVEL !=INTERNAL } -of_object [get_pins -filter {DIRECTION==IN} -of_objects [get_nets -hierarchical -filter {PARENT=="mb_preset_i/clk_wiz_1/inst/clk_out1"}]]]
resize_pblock [get_pblocks {CLKAG_mb_preset_i/clk_wiz_1/inst/clk_out1}] -add {CLOCKREGION_X0Y0:CLOCKREGION_X0Y0 CLOCKREGION_X0Y1:CLOCKREGION_X0Y1 CLOCKREGION_X0Y2:CLOCKREGION_X0Y2 CLOCKREGION_X1Y0:CLOCKREGION_X1Y0 CLOCKREGION_X1Y1:CLOCKREGION_X1Y1}
#endgroup

# Clock net "mb_preset_i/axi_pcie_0/inst/comp_axi_enhanced_pcie/comp_enhanced_core_top_wrap/axi_pcie_enhanced_core_top_i/pcie_7x_v2_0_2_inst/pcie_top_with_gt_top.gt_ges.gt_top_i/pipe_wrapper_i/pipe_clock_int.pipe_clock_i/pclk_i1_bufgctrl.pclk_i1_0" driven by instance "mb_preset_i/axi_pcie_0/inst/comp_axi_enhanced_pcie/comp_enhanced_core_top_wrap/axi_pcie_enhanced_core_top_i/pcie_7x_v2_0_2_inst/pcie_top_with_gt_top.gt_ges.gt_top_i/pipe_wrapper_i/pipe_clock_int.pipe_clock_i/pclk_i1_bufgctrl.pclk_i1" located at site "BUFGCTRL_X0Y1"
#startgroup
create_pblock {CLKAG_mb_preset_i/axi_pcie_0/inst/comp_axi_enhanced_pcie/comp_enhanced_core_top_wrap/axi_pcie_enhanced_core_top_i/pcie_7x_v2_0_2_inst/pcie_top_with_gt_top.gt_ges.gt_top_i/pipe_wrapper_i/pipe_clock_int.pipe_clock_i/pclk_i1_bufgctrl.pclk_i1_0}
add_cells_to_pblock [get_pblocks  {CLKAG_mb_preset_i/axi_pcie_0/inst/comp_axi_enhanced_pcie/comp_enhanced_core_top_wrap/axi_pcie_enhanced_core_top_i/pcie_7x_v2_0_2_inst/pcie_top_with_gt_top.gt_ges.gt_top_i/pipe_wrapper_i/pipe_clock_int.pipe_clock_i/pclk_i1_bufgctrl.pclk_i1_0}] [get_cells -filter { PRIMITIVE_GROUP != I/O && IS_PRIMITIVE==1 && PRIMITIVE_LEVEL !=INTERNAL } -of_object [get_pins -filter {DIRECTION==IN} -of_objects [get_nets -hierarchical -filter {PARENT=="mb_preset_i/axi_pcie_0/inst/comp_axi_enhanced_pcie/comp_enhanced_core_top_wrap/axi_pcie_enhanced_core_top_i/pcie_7x_v2_0_2_inst/pcie_top_with_gt_top.gt_ges.gt_top_i/pipe_wrapper_i/pipe_clock_int.pipe_clock_i/pclk_i1_bufgctrl.pclk_i1_0"}]]]
resize_pblock [get_pblocks {CLKAG_mb_preset_i/axi_pcie_0/inst/comp_axi_enhanced_pcie/comp_enhanced_core_top_wrap/axi_pcie_enhanced_core_top_i/pcie_7x_v2_0_2_inst/pcie_top_with_gt_top.gt_ges.gt_top_i/pipe_wrapper_i/pipe_clock_int.pipe_clock_i/pclk_i1_bufgctrl.pclk_i1_0}] -add {CLOCKREGION_X1Y1:CLOCKREGION_X1Y1 CLOCKREGION_X1Y2:CLOCKREGION_X1Y2}
#endgroup

# Clock net "mb_preset_i/axi_pcie_0/inst/comp_axi_enhanced_pcie/comp_enhanced_core_top_wrap/axi_pcie_enhanced_core_top_i/pcie_7x_v2_0_2_inst/pcie_top_with_gt_top.gt_ges.gt_top_i/pipe_wrapper_i/pipe_clock_int.pipe_clock_i/INT_USERCLK2_OUT" driven by instance "mb_preset_i/axi_pcie_0/inst/comp_axi_enhanced_pcie/comp_enhanced_core_top_wrap/axi_pcie_enhanced_core_top_i/pcie_7x_v2_0_2_inst/pcie_top_with_gt_top.gt_ges.gt_top_i/pipe_wrapper_i/pipe_clock_int.pipe_clock_i/userclk2_i1.usrclk2_i1" located at site "BUFGCTRL_X0Y0"
#startgroup
create_pblock {CLKAG_mb_preset_i/axi_pcie_0/inst/comp_axi_enhanced_pcie/comp_enhanced_core_top_wrap/axi_pcie_enhanced_core_top_i/pcie_7x_v2_0_2_inst/pcie_top_with_gt_top.gt_ges.gt_top_i/pipe_wrapper_i/pipe_clock_int.pipe_clock_i/INT_USERCLK2_OUT}
add_cells_to_pblock [get_pblocks  {CLKAG_mb_preset_i/axi_pcie_0/inst/comp_axi_enhanced_pcie/comp_enhanced_core_top_wrap/axi_pcie_enhanced_core_top_i/pcie_7x_v2_0_2_inst/pcie_top_with_gt_top.gt_ges.gt_top_i/pipe_wrapper_i/pipe_clock_int.pipe_clock_i/INT_USERCLK2_OUT}] [get_cells -filter { PRIMITIVE_GROUP != I/O && IS_PRIMITIVE==1 && PRIMITIVE_LEVEL !=INTERNAL } -of_object [get_pins -filter {DIRECTION==IN} -of_objects [get_nets -hierarchical -filter {PARENT=="mb_preset_i/axi_pcie_0/inst/comp_axi_enhanced_pcie/comp_enhanced_core_top_wrap/axi_pcie_enhanced_core_top_i/pcie_7x_v2_0_2_inst/pcie_top_with_gt_top.gt_ges.gt_top_i/pipe_wrapper_i/pipe_clock_int.pipe_clock_i/INT_USERCLK2_OUT"}]]]
resize_pblock [get_pblocks {CLKAG_mb_preset_i/axi_pcie_0/inst/comp_axi_enhanced_pcie/comp_enhanced_core_top_wrap/axi_pcie_enhanced_core_top_i/pcie_7x_v2_0_2_inst/pcie_top_with_gt_top.gt_ges.gt_top_i/pipe_wrapper_i/pipe_clock_int.pipe_clock_i/INT_USERCLK2_OUT}] -add {CLOCKREGION_X1Y0:CLOCKREGION_X1Y0 CLOCKREGION_X1Y1:CLOCKREGION_X1Y1 CLOCKREGION_X1Y2:CLOCKREGION_X1Y2}
#endgroup

# Clock net "mb_preset_i/axi_pcie_0/inst/comp_axi_enhanced_pcie/comp_enhanced_core_top_wrap/axi_pcie_enhanced_core_top_i/pcie_7x_v2_0_2_inst/pcie_top_with_gt_top.gt_ges.gt_top_i/pipe_wrapper_i/pipe_clock_int.pipe_clock_i/INT_USERCLK1_OUT" driven by instance "mb_preset_i/axi_pcie_0/inst/comp_axi_enhanced_pcie/comp_enhanced_core_top_wrap/axi_pcie_enhanced_core_top_i/pcie_7x_v2_0_2_inst/pcie_top_with_gt_top.gt_ges.gt_top_i/pipe_wrapper_i/pipe_clock_int.pipe_clock_i/userclk1_i1.usrclk1_i1" located at site "BUFGCTRL_X0Y3"
#startgroup
create_pblock {CLKAG_mb_preset_i/axi_pcie_0/inst/comp_axi_enhanced_pcie/comp_enhanced_core_top_wrap/axi_pcie_enhanced_core_top_i/pcie_7x_v2_0_2_inst/pcie_top_with_gt_top.gt_ges.gt_top_i/pipe_wrapper_i/pipe_clock_int.pipe_clock_i/INT_USERCLK1_OUT}
add_cells_to_pblock [get_pblocks  {CLKAG_mb_preset_i/axi_pcie_0/inst/comp_axi_enhanced_pcie/comp_enhanced_core_top_wrap/axi_pcie_enhanced_core_top_i/pcie_7x_v2_0_2_inst/pcie_top_with_gt_top.gt_ges.gt_top_i/pipe_wrapper_i/pipe_clock_int.pipe_clock_i/INT_USERCLK1_OUT}] [get_cells -filter { PRIMITIVE_GROUP != I/O && IS_PRIMITIVE==1 && PRIMITIVE_LEVEL !=INTERNAL } -of_object [get_pins -filter {DIRECTION==IN} -of_objects [get_nets -hierarchical -filter {PARENT=="mb_preset_i/axi_pcie_0/inst/comp_axi_enhanced_pcie/comp_enhanced_core_top_wrap/axi_pcie_enhanced_core_top_i/pcie_7x_v2_0_2_inst/pcie_top_with_gt_top.gt_ges.gt_top_i/pipe_wrapper_i/pipe_clock_int.pipe_clock_i/INT_USERCLK1_OUT"}]]]
resize_pblock [get_pblocks {CLKAG_mb_preset_i/axi_pcie_0/inst/comp_axi_enhanced_pcie/comp_enhanced_core_top_wrap/axi_pcie_enhanced_core_top_i/pcie_7x_v2_0_2_inst/pcie_top_with_gt_top.gt_ges.gt_top_i/pipe_wrapper_i/pipe_clock_int.pipe_clock_i/INT_USERCLK1_OUT}] -add {CLOCKREGION_X1Y2:CLOCKREGION_X1Y2}
#endgroup

# Clock net "mb_preset_i/axi_pcie_0/inst/comp_axi_enhanced_pcie/comp_enhanced_core_top_wrap/axi_pcie_enhanced_core_top_i/pcie_7x_v2_0_2_inst/pcie_top_with_gt_top.gt_ges.gt_top_i/pipe_wrapper_i/pipe_clock_int.pipe_clock_i/CLK" driven by instance "mb_preset_i/axi_pcie_0/inst/comp_axi_enhanced_pcie/comp_enhanced_core_top_wrap/axi_pcie_enhanced_core_top_i/pcie_7x_v2_0_2_inst/pcie_top_with_gt_top.gt_ges.gt_top_i/pipe_wrapper_i/pipe_clock_int.pipe_clock_i/dclk_i_bufg.dclk_i" located at site "BUFGCTRL_X0Y2"
#startgroup
create_pblock {CLKAG_mb_preset_i/axi_pcie_0/inst/comp_axi_enhanced_pcie/comp_enhanced_core_top_wrap/axi_pcie_enhanced_core_top_i/pcie_7x_v2_0_2_inst/pcie_top_with_gt_top.gt_ges.gt_top_i/pipe_wrapper_i/pipe_clock_int.pipe_clock_i/CLK}
add_cells_to_pblock [get_pblocks  {CLKAG_mb_preset_i/axi_pcie_0/inst/comp_axi_enhanced_pcie/comp_enhanced_core_top_wrap/axi_pcie_enhanced_core_top_i/pcie_7x_v2_0_2_inst/pcie_top_with_gt_top.gt_ges.gt_top_i/pipe_wrapper_i/pipe_clock_int.pipe_clock_i/CLK}] [get_cells -filter { PRIMITIVE_GROUP != I/O && IS_PRIMITIVE==1 && PRIMITIVE_LEVEL !=INTERNAL } -of_object [get_pins -filter {DIRECTION==IN} -of_objects [get_nets -hierarchical -filter {PARENT=="mb_preset_i/axi_pcie_0/inst/comp_axi_enhanced_pcie/comp_enhanced_core_top_wrap/axi_pcie_enhanced_core_top_i/pcie_7x_v2_0_2_inst/pcie_top_with_gt_top.gt_ges.gt_top_i/pipe_wrapper_i/pipe_clock_int.pipe_clock_i/CLK"}]]]
resize_pblock [get_pblocks {CLKAG_mb_preset_i/axi_pcie_0/inst/comp_axi_enhanced_pcie/comp_enhanced_core_top_wrap/axi_pcie_enhanced_core_top_i/pcie_7x_v2_0_2_inst/pcie_top_with_gt_top.gt_ges.gt_top_i/pipe_wrapper_i/pipe_clock_int.pipe_clock_i/CLK}] -add {CLOCKREGION_X1Y1:CLOCKREGION_X1Y1 CLOCKREGION_X1Y2:CLOCKREGION_X1Y2}
#endgroup

# Clock net "mb_preset_i/axi_pcie_0/inst/comp_axi_enhanced_pcie/comp_enhanced_core_top_wrap/axi_pcie_enhanced_core_top_i/pcie_7x_v2_0_2_inst/pcie_top_with_gt_top.gt_ges.gt_top_i/pipe_wrapper_i/gt_cpllpdrefclk" driven by instance "mb_preset_i/axi_pcie_0/inst/comp_axi_enhanced_pcie/comp_enhanced_core_top_wrap/axi_pcie_enhanced_core_top_i/pcie_7x_v2_0_2_inst/pcie_top_with_gt_top.gt_ges.gt_top_i/pipe_wrapper_i/cpllpd_refclk_inst" located at site "BUFGCTRL_X0Y6"
#startgroup
create_pblock {CLKAG_mb_preset_i/axi_pcie_0/inst/comp_axi_enhanced_pcie/comp_enhanced_core_top_wrap/axi_pcie_enhanced_core_top_i/pcie_7x_v2_0_2_inst/pcie_top_with_gt_top.gt_ges.gt_top_i/pipe_wrapper_i/gt_cpllpdrefclk}
add_cells_to_pblock [get_pblocks  {CLKAG_mb_preset_i/axi_pcie_0/inst/comp_axi_enhanced_pcie/comp_enhanced_core_top_wrap/axi_pcie_enhanced_core_top_i/pcie_7x_v2_0_2_inst/pcie_top_with_gt_top.gt_ges.gt_top_i/pipe_wrapper_i/gt_cpllpdrefclk}] [get_cells -filter { PRIMITIVE_GROUP != I/O && IS_PRIMITIVE==1 && PRIMITIVE_LEVEL !=INTERNAL } -of_object [get_pins -filter {DIRECTION==IN} -of_objects [get_nets -hierarchical -filter {PARENT=="mb_preset_i/axi_pcie_0/inst/comp_axi_enhanced_pcie/comp_enhanced_core_top_wrap/axi_pcie_enhanced_core_top_i/pcie_7x_v2_0_2_inst/pcie_top_with_gt_top.gt_ges.gt_top_i/pipe_wrapper_i/gt_cpllpdrefclk"}]]]
resize_pblock [get_pblocks {CLKAG_mb_preset_i/axi_pcie_0/inst/comp_axi_enhanced_pcie/comp_enhanced_core_top_wrap/axi_pcie_enhanced_core_top_i/pcie_7x_v2_0_2_inst/pcie_top_with_gt_top.gt_ges.gt_top_i/pipe_wrapper_i/gt_cpllpdrefclk}] -add {CLOCKREGION_X1Y2:CLOCKREGION_X1Y2}
#endgroup
